info: ::ffff:192.168.1.233 - - [21/Apr/2025:23:17:32 +0000] "GET / HTTP/1.1" 200 11 "-" "Avast Antivirus" {"timestamp":"21/Apr/2025:19:17:32 -0400"}
info: ::ffff:192.168.1.233 - - [21/Apr/2025:23:17:37 +0000] "GET / HTTP/1.1" 200 11 "-" "-" {"timestamp":"21/Apr/2025:19:17:37 -0400"}
info: ::ffff:192.168.1.233 - - [21/Apr/2025:23:17:37 +0000] "GET /loginMsg.js HTTP/1.1" 404 150 "-" "Mozilla/5.0 (Windows NT 10.0; WOW64; Trident/7.0; rv:11.0) like Gecko" {"timestamp":"21/Apr/2025:19:17:37 -0400"}
info: ::ffff:192.168.1.233 - - [21/Apr/2025:23:17:37 +0000] "GET /cgi/get.cgi?cmd=home_login HTTP/1.1" 404 150 "-" "Mozilla/5.0 (Windows NT 10.0; WOW64; Trident/7.0; rv:11.0) like Gecko" {"timestamp":"21/Apr/2025:19:17:37 -0400"}
info: ::1 - - [21/Apr/2025:23:23:38 +0000] "POST /eventos/ HTTP/1.1" 404 148 "-" "PostmanRuntime/7.43.3" {"timestamp":"21/Apr/2025:19:23:38 -0400"}
info: ::1 - - [21/Apr/2025:23:23:55 +0000] "POST /eventos/ HTTP/1.1" 404 148 "-" "PostmanRuntime/7.43.3" {"timestamp":"21/Apr/2025:19:23:55 -0400"}
info: ::1 - - [21/Apr/2025:23:26:30 +0000] "POST /eventos/ HTTP/1.1" 404 148 "-" "PostmanRuntime/7.43.3" {"timestamp":"21/Apr/2025:19:26:30 -0400"}
info: ::1 - - [21/Apr/2025:23:27:55 +0000] "POST /api/eventos/ HTTP/1.1" 201 187 "-" "PostmanRuntime/7.43.3" {"timestamp":"21/Apr/2025:19:27:55 -0400"}
info: ::1 - - [21/Apr/2025:23:28:19 +0000] "POST /api/eventos/ HTTP/1.1" 403 30 "-" "PostmanRuntime/7.43.3" {"timestamp":"21/Apr/2025:19:28:19 -0400"}
info: ::1 - - [21/Apr/2025:23:28:36 +0000] "POST /api/eventos/ HTTP/1.1" 201 187 "-" "PostmanRuntime/7.43.3" {"timestamp":"21/Apr/2025:19:28:36 -0400"}
info: ::1 - - [21/Apr/2025:23:32:35 +0000] "POST /api/ventas/ HTTP/1.1" 400 43 "-" "PostmanRuntime/7.43.3" {"timestamp":"21/Apr/2025:19:32:35 -0400"}
info: ::1 - - [21/Apr/2025:23:37:36 +0000] "POST /api/ventas/ HTTP/1.1" 400 70 "-" "PostmanRuntime/7.43.3" {"timestamp":"21/Apr/2025:19:37:36 -0400"}
info: ::1 - - [21/Apr/2025:23:38:56 +0000] "POST /api/ventas/ HTTP/1.1" 400 70 "-" "PostmanRuntime/7.43.3" {"timestamp":"21/Apr/2025:19:38:56 -0400"}
info: ::1 - - [21/Apr/2025:23:49:27 +0000] "POST /api/ventas/ HTTP/1.1" 201 222 "-" "PostmanRuntime/7.43.3" {"timestamp":"21/Apr/2025:19:49:27 -0400"}
info: ::1 - - [22/Apr/2025:00:00:05 +0000] "POST /api/ventas/ HTTP/1.1" 201 222 "-" "PostmanRuntime/7.43.3" {"timestamp":"21/Apr/2025:20:00:05 -0400"}
info: ::1 - - [22/Apr/2025:00:14:57 +0000] "POST /api/ventas/ HTTP/1.1" 201 222 "-" "PostmanRuntime/7.43.3" {"timestamp":"21/Apr/2025:20:14:57 -0400"}
info: ::1 - - [22/Apr/2025:00:16:58 +0000] "GET /api/ventas/evento/6806d4a41b50091d1039c26f HTTP/1.1" 200 2 "-" "PostmanRuntime/7.43.3" {"timestamp":"21/Apr/2025:20:16:58 -0400"}
info: ::1 - - [22/Apr/2025:00:17:20 +0000] "GET /api/ventas/evento/6806d4a41b50091d1039c26f HTTP/1.1" 200 2 "-" "PostmanRuntime/7.43.3" {"timestamp":"21/Apr/2025:20:17:20 -0400"}
info: ::1 - - [22/Apr/2025:00:19:19 +0000] "POST /api/ventas/ HTTP/1.1" 201 222 "-" "PostmanRuntime/7.43.3" {"timestamp":"21/Apr/2025:20:19:19 -0400"}
info: ::1 - - [22/Apr/2025:00:35:48 +0000] "POST /api/ventas/ HTTP/1.1" 403 30 "-" "PostmanRuntime/7.43.3" {"timestamp":"21/Apr/2025:20:35:48 -0400"}
info: ::1 - - [22/Apr/2025:00:36:06 +0000] "POST /api/ventas/ HTTP/1.1" 201 222 "-" "PostmanRuntime/7.43.3" {"timestamp":"21/Apr/2025:20:36:06 -0400"}
info: ::1 - - [22/Apr/2025:00:36:34 +0000] "GET /api/ventas/evento/6806d4a41b50091d1039c26f HTTP/1.1" 403 30 "-" "PostmanRuntime/7.43.3" {"timestamp":"21/Apr/2025:20:36:34 -0400"}
info: ::1 - - [22/Apr/2025:00:36:40 +0000] "GET /api/ventas/evento/6806d4a41b50091d1039c26f HTTP/1.1" 200 224 "-" "PostmanRuntime/7.43.3" {"timestamp":"21/Apr/2025:20:36:40 -0400"}
